start 20261007T082524Z  HEAD=ff49304e371eec331896707a80ad9717a72ff6b5
code: sft_rag_data.py e280663943008a83f75cdf3ebe4d44c7af0d6a88b0925a57b05450d879d28968  train_lora.py 72c9d595fbe0454afe9e8fe0227cbcb4922279df982c75e51116de304908d1b2
configs: lora_sft_mixed_v2.yaml modified=0 (must be 0); mix_v2b.yaml sha256 16801ed20c4eb53d1c7635f8134a4c94b82a74fa69bd2ca7f90113416445b16a
Loading weights:   0%|          | 0/199 [00:00<?, ?it/s]Loading weights: 100%|██████████| 199/199 [00:00<00:00, 9771.10it/s]
{
  "out": "artifacts/models/builds/sft-mix-v2b-20261007-083619",
  "train_examples": 9698,
  "train_tokens": 6460238,
  "val_sets": {
    "eval": 512,
    "eval_rag": 255
  },
  "versions": {
    "exports_manifest": "data/manifests/exports_manifest.json",
    "corpus_version": "medquad-1.0.0-86e384302357",
    "split_version": "split-20261006-2f0fb25ee6d8",
    "export_sha256_verified": {
      "train": "819e783c515aa1e6c1f8eee25b180664c5d6707d81fc23b6a4641d1d440000ec",
      "validation": "9033931b6fe0512a2674e31cdb93a69ee2422dd75e953d8bc17fd0b64fa12436",
      "test": "1fa115fe2941f89882389f54cd7c2c4f5aa1cfa193105435340e90b5e1d27688"
    },
    "message_builder": "cb-v1+a1f08aaf",
    "mix_version": "sft-mix-v2b",
    "rag_prompt_version": "rag-v1+df593554",
    "embedder": {
      "model_id": "BAAI/bge-small-en-v1.5",
      "revision": "5c38ec7c405ec4b44b94cc5a9bb96e735b38267a",
      "query_prefix": "Represent this sentence for searching relevant passages: "
    }
  }
}
BUILD_EXIT=0 elapsed_s=656
OUT=artifacts/models/builds/sft-mix-v2b-20261007-083619
25866d175df77a7d4017c3533b975b88d3b5876e4b763878c09a521c24437411  artifacts/models/builds/sft-mix-v2b-20261007-083619/build_summary.json
4f81dc44ce896e6082bbe15cce26fe70b2e7e5c922c53e83d3f29657d665eb04  artifacts/models/builds/sft-mix-v2b-20261007-083619/sft_build_train.json
b53e7d29564b40de7f62199d30d3a74f07c3e3728cec4aa51542c42bdabe0d8f  artifacts/models/builds/sft-mix-v2b-20261007-083619/sft_build_val.json
1219ee0fa8542dee7213144911ae11537487ff5a6b01719f4004c7b0ef932460  artifacts/models/builds/sft-mix-v2b-20261007-083619/sft_build_val_rag.json
3c4e6932da2288bad07d05a97c6226b1d7d8cb053ed23c65e362e7b931d3734e  artifacts/models/builds/sft-mix-v2b-20261007-083619/sft_record_ids.jsonl
922c2c553e37775e9dbd7120a1ff084949838dab9fe53b1604825ba7f6423a96  artifacts/models/builds/sft-mix-v2b-20261007-083619/val_record_ids.jsonl
artifacts/evaluation: nothing created or modified since 20261007T082524Z
FINAL_EXIT=0 total_elapsed_s=656
