
######## train: sft_build_train.json (mix_version sft-mix-v2c)
  manifest consistency violations: 0
  plan vs realised: {"answerable": {"planned": 2700, "assigned": 2700, "realised": 2698}, "sentinel_offtopic": {"planned": 450, "assigned": 450, "realised": 449}, "sentinel_info_offtopic": {"planned": 50, "assigned": 50, "realised": 50}, "closed_book": {"planned": 6500, "assigned": 6500, "realised": 6500}}
  assignment skips: {'sentinel_disallowed_qtype': 134}
  question-type mix by format: {"rag_answerable": {"causes": 122, "complications": 10, "considerations": 33, "exams_and_tests": 96, "frequency": 189, "genetic_changes": 202, "information": 731, "inheritance": 177, "other": 4, "outlook": 72, "prevention": 36, "research": 66, "stages": 7, "susceptibility": 53, "symptoms": 500, "treatment": 400}, "rag_insufficient": {"causes": 36, "complications": 2, "considerations": 7, "exams_and_tests": 39, "frequency": 40, "genetic_changes": 34, "information": 50, "inheritance": 41, "outlook": 10, "prevention": 3, "research": 13, "stages": 3, "susceptibility": 16, "symptoms": 113, "treatment": 92}, "closed_book": {"causes": 272, "complications": 19, "considerations": 98, "exams_and_tests": 262, "frequency": 449, "genetic_changes": 454, "information": 1902, "inheritance": 403, "other": 14, "outlook": 142, "prevention": 78, "research": 139, "stages": 33, "support_groups": 1, "susceptibility": 130, "symptoms": 1114, "treatment": 990}}
  PRIMARY answerable added same-topic blocks (n=2698): value: realised-final | drawn | serving different-type %
    0: 939 (34.8%) | 636 (23.6%) | 23.5%
    1: 545 (20.2%) | 581 (21.5%) | 21.5%
    2: 400 (14.8%) | 450 (16.7%) | 17.3%
    3: 563 (20.9%) | 626 (23.2%) | 22.2%
    4: 251 (9.3%) | 405 (15.0%) | 15.5%
    context only, serving ALL types other on-topic (incl. same-type, excluded by design): {'0': 20.2, '1': 18.7, '2': 16.4, '3+': 44.8}
  on_topic_total exact 0-5 per class (report): {"rag_answerable": {"0": 0, "1": 939, "2": 545, "3": 400, "4": 563, "5": 251}, "rag_insufficient": {"0": 499, "1": 0, "2": 0, "3": 0, "4": 0, "5": 0}, "sentinel_same_topic": {"0": 0, "1": 0, "2": 0, "3": 0, "4": 0, "5": 0}, "sentinel_offtopic": {"0": 449, "1": 0, "2": 0, "3": 0, "4": 0, "5": 0}, "sentinel_info_offtopic": {"0": 50, "1": 0, "2": 0, "3": 0, "4": 0, "5": 0}}
  same-topic sentinels with on_topic_total == 0 after length drops: 0
  zero-candidate per class: {'rag_answerable': 389, 'rag_insufficient': 499, 'sentinel_same_topic': 0, 'sentinel_offtopic': 449, 'sentinel_info_offtopic': 50} | by sentinel qtype: {'causes': 36, 'complications': 2, 'considerations': 7, 'exams_and_tests': 39, 'frequency': 40, 'genetic_changes': 34, 'information': 50, 'inheritance': 41, 'outlook': 10, 'prevention': 3, 'research': 13, 'stages': 3, 'susceptibility': 16, 'symptoms': 113, 'treatment': 92}
  CUE CHECK (rule = best answer/refuse rule from on_topic_total alone):
    all: n=3197 rule_accuracy=1.000 majority_baseline=0.844 excess=+0.156 counts={'0': {'rag_insufficient': 499}, '1': {'rag_answerable': 939}, '2': {'rag_answerable': 545}, '3': {'rag_answerable': 400}, '4': {'rag_answerable': 563}, '5': {'rag_answerable': 251}}
    excluding_zero_candidate: n=2309 rule_accuracy=1.000 majority_baseline=1.000 excess=+0.000 counts={'1': {'rag_answerable': 550}, '2': {'rag_answerable': 545}, '3': {'rag_answerable': 400}, '4': {'rag_answerable': 563}, '5': {'rag_answerable': 251}}
    recomputed from manifest (all): rule_accuracy=1.000 majority_baseline=0.844 n=3197
    per sentinel question type (answerable + sentinel rows of that type):
      causes: n=158 rule_accuracy=1.000 majority=0.772 excess=+0.228
      complications: n=12 rule_accuracy=1.000 majority=0.833 excess=+0.167
      considerations: n=40 rule_accuracy=1.000 majority=0.825 excess=+0.175
      exams_and_tests: n=135 rule_accuracy=1.000 majority=0.711 excess=+0.289
      frequency: n=229 rule_accuracy=1.000 majority=0.825 excess=+0.175
      genetic_changes: n=236 rule_accuracy=1.000 majority=0.856 excess=+0.144
      information: n=781 rule_accuracy=1.000 majority=0.936 excess=+0.064
      inheritance: n=218 rule_accuracy=1.000 majority=0.812 excess=+0.188
      outlook: n=82 rule_accuracy=1.000 majority=0.878 excess=+0.122
      prevention: n=39 rule_accuracy=1.000 majority=0.923 excess=+0.077
      research: n=79 rule_accuracy=1.000 majority=0.835 excess=+0.165
      stages: n=10 rule_accuracy=1.000 majority=0.700 excess=+0.300
      susceptibility: n=69 rule_accuracy=1.000 majority=0.768 excess=+0.232
      symptoms: n=613 rule_accuracy=1.000 majority=0.816 excess=+0.184
      treatment: n=492 rule_accuracy=1.000 majority=0.813 excess=+0.187
  REFUSE SHARE by on_topic_total (descriptive; sentinels / all RAG prompts at that count):
    0: 499/499 = 100.0%
    1: 0/939 = 0.0%
    2: 0/545 = 0.0%
    3: 0/400 = 0.0%
    4: 0/563 = 0.0%
    5: 0/251 = 0.0%
  guard drops (candidate chunks, first failing guard): {"answerable": {"G1_same_qtype": 2155, "G2_gold_dup_group": 14, "G3_excluded_flags": 0, "G4_text_equal_gold": 2, "G5_gold_jaccard": 68, "G6_coverage_ge_gold": 0, "G7_sentinel_qtype_pair": 0}, "sentinel_offtopic": {"G1_same_qtype": 0, "G2_gold_dup_group": 0, "G3_excluded_flags": 0, "G4_text_equal_gold": 0, "G5_gold_jaccard": 0, "G6_coverage_ge_gold": 0, "G7_sentinel_qtype_pair": 0}}
  G7 drops by pair (0 pairs, total 0): {}
  length drops: {'offgroup': 106}
  gold position: {'E1': 510, 'E2': 543, 'E3': 571, 'E4': 550, 'E5': 524}
  RAG prompt tokens: {'n': 3197, 'median': 1217, 'p90': 1696, 'max': 2039} | distractor drop events: 106
  truncated rows (kind, truncated): count: {'closed_book,False': 6326, 'closed_book,True': 174, 'rag_answerable,False': 1529, 'rag_answerable,True': 1169, 'sentinel_info_offtopic,False': 50, 'sentinel_offtopic,False': 449}
  closed-book builder: n_examples=6500 n_truncated=174 max_seq_len=1024

######## validation_rag: sft_build_val_rag.json (mix_version sft-mix-v2c)
  manifest consistency violations: 0
  plan vs realised: {"answerable": {"planned": 224, "assigned": 224, "realised": 223}, "sentinel_offtopic": {"planned": 29, "assigned": 29, "realised": 28}, "sentinel_info_offtopic": {"planned": 3, "assigned": 3, "realised": 3}, "closed_book": {"planned": 0, "assigned": 0, "realised": 0}}
  assignment skips: {'sentinel_disallowed_qtype': 14}
  question-type mix by format: {"rag_answerable": {"causes": 9, "complications": 1, "considerations": 5, "exams_and_tests": 6, "frequency": 15, "genetic_changes": 11, "information": 64, "inheritance": 19, "other": 1, "outlook": 4, "prevention": 2, "research": 3, "stages": 2, "susceptibility": 3, "symptoms": 38, "treatment": 40}, "rag_insufficient": {"exams_and_tests": 1, "frequency": 3, "genetic_changes": 3, "information": 3, "inheritance": 2, "outlook": 2, "research": 2, "susceptibility": 2, "symptoms": 9, "treatment": 4}, "closed_book": {}}
  PRIMARY answerable added same-topic blocks (n=223): value: realised-final | drawn | serving different-type %
    0: 76 (34.1%) | 52 (23.3%) | 23.5%
    1: 50 (22.4%) | 54 (24.2%) | 21.5%
    2: 33 (14.8%) | 40 (17.9%) | 17.3%
    3: 43 (19.3%) | 46 (20.6%) | 22.2%
    4: 21 (9.4%) | 31 (13.9%) | 15.5%
    context only, serving ALL types other on-topic (incl. same-type, excluded by design): {'0': 20.2, '1': 18.7, '2': 16.4, '3+': 44.8}
  on_topic_total exact 0-5 per class (report): {"rag_answerable": {"0": 1, "1": 75, "2": 50, "3": 33, "4": 43, "5": 21}, "rag_insufficient": {"0": 31, "1": 0, "2": 0, "3": 0, "4": 0, "5": 0}, "sentinel_same_topic": {"0": 0, "1": 0, "2": 0, "3": 0, "4": 0, "5": 0}, "sentinel_offtopic": {"0": 28, "1": 0, "2": 0, "3": 0, "4": 0, "5": 0}, "sentinel_info_offtopic": {"0": 3, "1": 0, "2": 0, "3": 0, "4": 0, "5": 0}}
  same-topic sentinels with on_topic_total == 0 after length drops: 0
  zero-candidate per class: {'rag_answerable': 30, 'rag_insufficient': 31, 'sentinel_same_topic': 0, 'sentinel_offtopic': 28, 'sentinel_info_offtopic': 3} | by sentinel qtype: {'exams_and_tests': 1, 'frequency': 3, 'genetic_changes': 3, 'information': 3, 'inheritance': 2, 'outlook': 2, 'research': 2, 'susceptibility': 2, 'symptoms': 9, 'treatment': 4}
  CUE CHECK (rule = best answer/refuse rule from on_topic_total alone):
    all: n=254 rule_accuracy=0.996 majority_baseline=0.878 excess=+0.118 counts={'0': {'rag_answerable': 1, 'rag_insufficient': 31}, '1': {'rag_answerable': 75}, '2': {'rag_answerable': 50}, '3': {'rag_answerable': 33}, '4': {'rag_answerable': 43}, '5': {'rag_answerable': 21}}
    excluding_zero_candidate: n=193 rule_accuracy=1.000 majority_baseline=1.000 excess=+0.000 counts={'1': {'rag_answerable': 46}, '2': {'rag_answerable': 50}, '3': {'rag_answerable': 33}, '4': {'rag_answerable': 43}, '5': {'rag_answerable': 21}}
    recomputed from manifest (all): rule_accuracy=0.996 majority_baseline=0.878 n=254
    per sentinel question type (answerable + sentinel rows of that type):
      exams_and_tests: n=7 rule_accuracy=1.000 majority=0.857 excess=+0.143
      frequency: n=18 rule_accuracy=1.000 majority=0.833 excess=+0.167
      genetic_changes: n=14 rule_accuracy=1.000 majority=0.786 excess=+0.214
      information: n=67 rule_accuracy=1.000 majority=0.955 excess=+0.045
      inheritance: n=21 rule_accuracy=1.000 majority=0.905 excess=+0.095
      outlook: n=6 rule_accuracy=1.000 majority=0.667 excess=+0.333
      research: n=5 rule_accuracy=1.000 majority=0.600 excess=+0.400
      susceptibility: n=5 rule_accuracy=1.000 majority=0.600 excess=+0.400
      symptoms: n=47 rule_accuracy=1.000 majority=0.809 excess=+0.191
      treatment: n=44 rule_accuracy=1.000 majority=0.909 excess=+0.091
  REFUSE SHARE by on_topic_total (descriptive; sentinels / all RAG prompts at that count):
    0: 31/32 = 96.9%
    1: 0/75 = 0.0%
    2: 0/50 = 0.0%
    3: 0/33 = 0.0%
    4: 0/43 = 0.0%
    5: 0/21 = 0.0%
  guard drops (candidate chunks, first failing guard): {"answerable": {"G1_same_qtype": 257, "G2_gold_dup_group": 0, "G3_excluded_flags": 0, "G4_text_equal_gold": 0, "G5_gold_jaccard": 5, "G6_coverage_ge_gold": 0, "G7_sentinel_qtype_pair": 0}, "sentinel_offtopic": {"G1_same_qtype": 0, "G2_gold_dup_group": 0, "G3_excluded_flags": 0, "G4_text_equal_gold": 0, "G5_gold_jaccard": 0, "G6_coverage_ge_gold": 0, "G7_sentinel_qtype_pair": 0}}
  G7 drops by pair (0 pairs, total 0): {}
  length drops: {'offgroup': 5}
  gold position: {'E1': 47, 'E2': 46, 'E3': 42, 'E4': 46, 'E5': 42}
  RAG prompt tokens: {'n': 254, 'median': 1210, 'p90': 1650, 'max': 2011} | distractor drop events: 5
  truncated rows (kind, truncated): count: {'closed_book,False': 483, 'closed_book,True': 29, 'rag_answerable,False': 127, 'rag_answerable,True': 96, 'sentinel_info_offtopic,False': 3, 'sentinel_offtopic,False': 28}
  closed-book builder: n_examples=0 n_truncated=0 max_seq_len=1024

######## contrast: original v2 build sft-mix-v2-20261007-035957, refuse share by on-topic total (D-031)
  source: docs/evidence/D-053/e4b_d031_recount.log section A (no new reads): train answerable 2,697 with exactly
  1 on-topic block (gold; 0 on-topic distractors), sentinels 500 with 0; validation answerable 222 with 1, 1 with 0
  (topic_key None), sentinels 31 with 0.
    train:      0: 500/500 = 100.0% | 1: 0/2697 = 0.0% | 2-5: none
    validation: 0: 31/32 = 96.9%   | 1: 0/222 = 0.0%  | 2-5: none

######## build_summary: {"train_examples": 9697, "train_tokens": 6495888, "val_sets": {"eval": 512, "eval_rag": 254}} | versions: {"mix_version": "sft-mix-v2c", "split_version": "split-20261006-2f0fb25ee6d8", "corpus_version": "medquad-1.0.0-86e384302357", "message_builder": "cb-v1+a1f08aaf", "rag_prompt_version": "rag-v1+df593554"} | embedder revision: 5c38ec7c405ec4b44b94cc5a9bb96e735b38267a
gate: {"passed": true, "rows": {"pairs_train": 30506, "pairs_validation": 3960, "sft": 9697}, "protected_record_ids": {"classifier_train": 12636, "sft": 11371, "threshold": 1610}, "train_probe_sft_overlap": 96} errors: 0 warnings: 0
REPORT: OK
